// Jest Snapshot v1, https://goo.gl/fbAQLP

exports[`Home page renders correctly 1`] = `
Array [
  <h1>
    Index
  </h1>,
  <ul>
    <li>
      <a
        href="article-preview-component"
      >
        Arcticle preview component
      </a>
    </li>
    <li>
      <a
        href="base-apparel-coming-soon-page"
      >
        Base Apparel
      </a>
    </li>
    <li>
      <a
        href="coding-bootcamp-testimonials-slider"
      >
        Testimonials slider
      </a>
    </li>
    <li>
      <a
        href="four-card-feature-section"
      >
        Four Card
      </a>
    </li>
    <li>
      <a
        href="fylo-data-storage-component"
      >
        Data storage component
      </a>
    </li>
    <li>
      <a
        href="fylo-landing-page-with-two-column-layout"
      >
        Fylo landing
      </a>
    </li>
    <li>
      <a
        href="huddle-landing-page-with-alternating-feature-blocks"
      >
        Huddle alternating
      </a>
    </li>
    <li>
      <a
        href="huddle-landing-page-with-single-introductory-section"
      >
        Huddle single
      </a>
    </li>
    <li>
      <a
        href="intro-component-with-signup-form"
      >
        Intro component
      </a>
    </li>
    <li>
      <a
        href="ping-coming-soon-page"
      >
        Ping
      </a>
    </li>
    <li>
      <a
        href="single-price-grid-component"
      >
        Single price component
      </a>
    </li>
    <li>
      <a
        href="pricing-component-with-toggle"
      >
        Pricing component
      </a>
    </li>
    <li>
      <a
        href="social-media-dashboard-with-theme-switcher"
      >
        Social media dashboard
      </a>
    </li>
    <li>
      <a
        href="project-tracking-intro-component"
      >
        Project tracking intro
      </a>
    </li>
    <li>
      <a
        href="rock-paper-scissors"
      >
        Rock paper scissors
      </a>
    </li>
  </ul>,
]
`;
